[2026-05-11 04:53:58] 127.0.0.1 GET /api/v1/alerts → 401
[2026-05-11 06:19:12] 0:0:0:0:0:0:0:1 GET /api/v1/alerts → 401
[2026-05-11 06:21:42] 0:0:0:0:0:0:0:1 GET /api/v1/export/gpx → 401
[2026-05-11 06:21:50] 0:0:0:0:0:0:0:1 POST /api/v1/survey → 401
[2026-05-11 06:21:54] 0:0:0:0:0:0:0:1 POST /api/v1/survey → 401
[2026-05-11 06:21:55] 0:0:0:0:0:0:0:1 POST /api/v1/survey → 401
[2026-05-11 06:22:30] 0:0:0:0:0:0:0:1 POST /api/v1/survey → 401
[2026-05-11 06:22:31] 0:0:0:0:0:0:0:1 GET /api/v1/alerts → 401
[2026-05-11 06:22:37] 0:0:0:0:0:0:0:1 POST /api/v1/alerts → 401
[2026-05-11 06:22:37] 0:0:0:0:0:0:0:1 GET /api/v1/alerts → 401
[2026-05-11 06:22:42] 0:0:0:0:0:0:0:1 POST /api/v1/alerts → 401
[2026-05-11 06:22:42] 0:0:0:0:0:0:0:1 GET /api/v1/alerts → 401
[2026-05-11 06:22:45] 0:0:0:0:0:0:0:1 POST /api/v1/alerts → 401
[2026-05-11 06:22:45] 0:0:0:0:0:0:0:1 GET /api/v1/alerts → 401
[2026-05-11 06:22:45] 0:0:0:0:0:0:0:1 POST /api/v1/alerts → 401
[2026-05-11 06:22:45] 0:0:0:0:0:0:0:1 GET /api/v1/alerts → 401
[2026-05-11 06:22:45] 0:0:0:0:0:0:0:1 POST /api/v1/alerts → 401
[2026-05-11 06:22:45] 0:0:0:0:0:0:0:1 GET /api/v1/alerts → 401
[2026-05-11 07:57:42] 0:0:0:0:0:0:0:1 GET /api/v1/alerts → 401
[2026-05-11 07:57:49] 0:0:0:0:0:0:0:1 POST /api/v1/survey → 401
[2026-05-11 07:57:51] 0:0:0:0:0:0:0:1 POST /api/v1/survey → 401
[2026-05-11 07:58:04] 0:0:0:0:0:0:0:1 POST /api/v1/survey → 401
[2026-05-11 07:58:07] 0:0:0:0:0:0:0:1 POST /api/v1/survey → 401
[2026-05-11 08:05:57] 0:0:0:0:0:0:0:1 GET /api/v1/export/gpx → 401
[2026-05-13 13:56:57] 0:0:0:0:0:0:0:1 GET /api/v1/export/gpx → 401
[2026-05-13 13:57:29] 0:0:0:0:0:0:0:1 GET /api/v1/alerts → 401
[2026-05-13 13:57:33] 0:0:0:0:0:0:0:1 POST /api/v1/survey → 401
[2026-05-13 14:13:39] 0:0:0:0:0:0:0:1 GET /api/v1/report → 401
[2026-05-13 14:13:55] 0:0:0:0:0:0:0:1 GET /api/v1/report → 401
